Test log line 1
Test log line 2
